// Jest Snapshot v1, https://goo.gl/fbAQLP

exports[`Container Component renders without crashing 1`] = `
<div>
  <div
    class="MuiBox-root css-0"
  >
    <header
      class="MuiPaper-root MuiPaper-elevation MuiPaper-elevation4 MuiAppBar-root MuiAppBar-colorPrimary MuiAppBar-positionStatic css-5iifl-MuiPaper-root-MuiAppBar-root"
      style="--Paper-shadow: 0px 2px 4px -1px rgba(0,0,0,0.2),0px 4px 5px 0px rgba(0,0,0,0.14),0px 1px 10px 0px rgba(0,0,0,0.12);"
    >
      <div
        class="MuiToolbar-root MuiToolbar-gutters MuiToolbar-regular css-95f9g5-MuiToolbar-root"
      >
        <h6
          class="MuiTypography-root MuiTypography-h6 css-8zgow4-MuiTypography-root"
        >
          The New York Times
        </h6>
      </div>
    </header>
    <main
      class="MuiContainer-root MuiContainer-maxWidthLg css-1m3eoub-MuiContainer-root"
    >
      <div
        class="MuiBox-root css-1lb6n3v"
      >
        <span
          class="MuiCircularProgress-root MuiCircularProgress-indeterminate MuiCircularProgress-colorPrimary css-1yonwsg-MuiCircularProgress-root"
          role="progressbar"
          style="width: 40px; height: 40px;"
        >
          <svg
            class="MuiCircularProgress-svg css-1idz92c-MuiCircularProgress-svg"
            viewBox="22 22 44 44"
          >
            <circle
              class="MuiCircularProgress-circle MuiCircularProgress-circleIndeterminate css-1a8epmm-MuiCircularProgress-circle"
              cx="44"
              cy="44"
              fill="none"
              r="20.2"
              stroke-width="3.6"
            />
          </svg>
        </span>
        <h6
          class="MuiTypography-root MuiTypography-h6 css-ib86xl-MuiTypography-root"
        >
          Loading articles...
        </h6>
      </div>
    </main>
    <footer
      class="MuiBox-root css-y52xi2"
    >
      <div
        class="MuiContainer-root MuiContainer-maxWidthLg css-5c1adp-MuiContainer-root"
      >
        <p
          class="MuiTypography-root MuiTypography-body2 MuiTypography-alignCenter css-19zpnxz-MuiTypography-root"
          style="--Typography-textAlign: center;"
        />
      </div>
    </footer>
  </div>
</div>
`;
