// Jest Snapshot v1, https://goo.gl/fbAQLP

exports[`Container Component renders without crashing 1`] = `<div />`;
