// Jest Snapshot v1, https://goo.gl/fbAQLP

exports[`Loader Component renders without crashing 1`] = `
<div>
  <div
    class="MuiBox-root css-1lb6n3v"
  >
    <span
      class="MuiCircularProgress-root MuiCircularProgress-indeterminate MuiCircularProgress-colorPrimary css-1yonwsg-MuiCircularProgress-root"
      role="progressbar"
      style="width: 40px; height: 40px;"
    >
      <svg
        class="MuiCircularProgress-svg css-1idz92c-MuiCircularProgress-svg"
        viewBox="22 22 44 44"
      >
        <circle
          class="MuiCircularProgress-circle MuiCircularProgress-circleIndeterminate css-1a8epmm-MuiCircularProgress-circle"
          cx="44"
          cy="44"
          fill="none"
          r="20.2"
          stroke-width="3.6"
        />
      </svg>
    </span>
    <h6
      class="MuiTypography-root MuiTypography-h6 css-ib86xl-MuiTypography-root"
    >
      Loading articles...
    </h6>
  </div>
</div>
`;
