// Jest Snapshot v1, https://goo.gl/fbAQLP

exports[`ArticalList Component renders without crashing 1`] = `
<div>
  <div
    class="MuiContainer-root MuiContainer-maxWidthLg css-1lgbfpa-MuiContainer-root"
  />
</div>
`;
